// Vitest Snapshot v1, https://vitest.dev/guide/snapshot.html

exports[`fnclip cli > add 1`] = `
"/* eslint-disable */
/* prettier-ignore */
// @ts-nocheck

//#region src/functions/function/pipe/index.ts
function pipe(a, ...fns) {
	if (fns.length === 0) return a;
	let ret = a;
	for (const fn of fns) ret = fn(ret);
	return ret;
}

//#endregion
export { pipe };"
`;

exports[`fnclip cli > add 2`] = `
"/* eslint-disable */
/* prettier-ignore */
// @ts-nocheck

export * from './pipe';"
`;
